Java HotSpot(TM) 64-Bit Server VM (25.211-b12) for bsd-amd64 JRE (1.8.0_211-b12), built on Apr  1 2019 20:53:18 by "java_re" with gcc 4.2.1 (Based on Apple Inc. build 5658) (LLVM build 2336.11.00)
Memory: 4k page, physical 33554432k(714396k free)

/proc/meminfo:

CommandLine flags: -XX:-BytecodeVerificationLocal -XX:-BytecodeVerificationRemote -XX:InitialHeapSize=536870912 -XX:+ManagementServer -XX:MaxHeapSize=8589934592 -XX:+PrintGC -XX:+PrintGCDateStamps -XX:+PrintGCDetails -XX:+PrintGCTimeStamps -XX:TieredStopAtLevel=1 -XX:+UseCompressedClassPointers -XX:+UseCompressedOops -XX:+UseG1GC 
2022-01-11T19:17:51.920-0800: 1.361: [GC pause (G1 Evacuation Pause) (young), 0.0057847 secs]
   [Parallel Time: 3.4 ms, GC Workers: 8]
      [GC Worker Start (ms): Min: 1361.7, Avg: 1361.8, Max: 1362.2, Diff: 0.5]
      [Ext Root Scanning (ms): Min: 0.0, Avg: 0.6, Max: 2.9, Diff: 2.9, Sum: 4.8]
      [Update RS (ms): Min: 0.0, Avg: 0.0, Max: 0.0, Diff: 0.0, Sum: 0.0]
         [Processed Buffers: Min: 0, Avg: 0.0, Max: 0, Diff: 0, Sum: 0]
      [Scan RS (ms): Min: 0.0, Avg: 0.0, Max: 0.0, Diff: 0.0, Sum: 0.0]
      [Code Root Scanning (ms): Min: 0.0, Avg: 0.1, Max: 0.6, Diff: 0.6, Sum: 1.1]
      [Object Copy (ms): Min: 0.0, Avg: 1.9, Max: 2.4, Diff: 2.4, Sum: 15.4]
      [Termination (ms): Min: 0.0, Avg: 0.1, Max: 0.2, Diff: 0.2, Sum: 1.0]
         [Termination Attempts: Min: 1, Avg: 21.0, Max: 34, Diff: 33, Sum: 168]
      [GC Worker Other (ms): Min: 0.0, Avg: 0.0, Max: 0.0, Diff: 0.0, Sum: 0.1]
      [GC Worker Total (ms): Min: 2.4, Avg: 2.8, Max: 2.9, Diff: 0.6, Sum: 22.4]
      [GC Worker End (ms): Min: 1364.6, Avg: 1364.6, Max: 1364.6, Diff: 0.1]
   [Code Root Fixup: 0.0 ms]
   [Code Root Purge: 0.0 ms]
   [Clear CT: 0.1 ms]
   [Other: 2.3 ms]
      [Choose CSet: 0.0 ms]
      [Ref Proc: 1.9 ms]
      [Ref Enq: 0.0 ms]
      [Redirty Cards: 0.1 ms]
      [Humongous Register: 0.0 ms]
      [Humongous Reclaim: 0.0 ms]
      [Free CSet: 0.0 ms]
   [Eden: 24.0M(24.0M)->0.0B(36.0M) Survivors: 0.0B->4096.0K Heap: 24.0M(512.0M)->3855.6K(512.0M)]
 [Times: user=0.02 sys=0.00, real=0.00 secs] 
2022-01-11T19:17:52.124-0800: 1.566: [GC pause (G1 Evacuation Pause) (young), 0.0076186 secs]
   [Parallel Time: 4.1 ms, GC Workers: 8]
      [GC Worker Start (ms): Min: 1566.0, Avg: 1566.2, Max: 1566.6, Diff: 0.5]
      [Ext Root Scanning (ms): Min: 0.0, Avg: 0.4, Max: 1.4, Diff: 1.4, Sum: 3.3]
      [Update RS (ms): Min: 0.0, Avg: 0.0, Max: 0.0, Diff: 0.0, Sum: 0.0]
         [Processed Buffers: Min: 0, Avg: 0.0, Max: 0, Diff: 0, Sum: 0]
      [Scan RS (ms): Min: 0.0, Avg: 0.0, Max: 0.0, Diff: 0.0, Sum: 0.0]
      [Code Root Scanning (ms): Min: 0.0, Avg: 0.1, Max: 0.5, Diff: 0.5, Sum: 0.7]
      [Object Copy (ms): Min: 1.9, Avg: 2.8, Max: 3.7, Diff: 1.8, Sum: 22.4]
      [Termination (ms): Min: 0.0, Avg: 0.6, Max: 0.7, Diff: 0.7, Sum: 4.7]
         [Termination Attempts: Min: 1, Avg: 23.2, Max: 45, Diff: 44, Sum: 186]
      [GC Worker Other (ms): Min: 0.0, Avg: 0.0, Max: 0.0, Diff: 0.0, Sum: 0.1]
      [GC Worker Total (ms): Min: 3.5, Avg: 3.9, Max: 4.0, Diff: 0.5, Sum: 31.2]
      [GC Worker End (ms): Min: 1570.0, Avg: 1570.0, Max: 1570.1, Diff: 0.1]
   [Code Root Fixup: 0.0 ms]
   [Code Root Purge: 0.0 ms]
   [Clear CT: 0.1 ms]
   [Other: 3.4 ms]
      [Choose CSet: 0.0 ms]
      [Ref Proc: 3.0 ms]
      [Ref Enq: 0.0 ms]
      [Redirty Cards: 0.1 ms]
      [Humongous Register: 0.0 ms]
      [Humongous Reclaim: 0.0 ms]
      [Free CSet: 0.0 ms]
   [Eden: 36.0M(36.0M)->0.0B(300.0M) Survivors: 4096.0K->6144.0K Heap: 39.8M(512.0M)->8414.5K(512.0M)]
 [Times: user=0.03 sys=0.01, real=0.01 secs] 
2022-01-11T19:17:52.480-0800: 1.921: [GC pause (Metadata GC Threshold) (young) (initial-mark), 0.0117597 secs]
   [Parallel Time: 7.1 ms, GC Workers: 8]
      [GC Worker Start (ms): Min: 1921.2, Avg: 1921.5, Max: 1922.3, Diff: 1.1]
      [Ext Root Scanning (ms): Min: 1.6, Avg: 2.3, Max: 2.7, Diff: 1.1, Sum: 18.8]
      [Update RS (ms): Min: 0.0, Avg: 0.1, Max: 0.3, Diff: 0.3, Sum: 0.9]
         [Processed Buffers: Min: 0, Avg: 0.5, Max: 1, Diff: 1, Sum: 4]
      [Scan RS (ms): Min: 0.0, Avg: 0.0, Max: 0.0, Diff: 0.0, Sum: 0.0]
      [Code Root Scanning (ms): Min: 0.0, Avg: 0.2, Max: 0.7, Diff: 0.7, Sum: 1.6]
      [Object Copy (ms): Min: 3.3, Avg: 3.8, Max: 4.3, Diff: 1.0, Sum: 30.1]
      [Termination (ms): Min: 0.0, Avg: 0.3, Max: 0.4, Diff: 0.4, Sum: 2.5]
         [Termination Attempts: Min: 1, Avg: 1.1, Max: 2, Diff: 1, Sum: 9]
      [GC Worker Other (ms): Min: 0.0, Avg: 0.0, Max: 0.0, Diff: 0.0, Sum: 0.1]
      [GC Worker Total (ms): Min: 5.9, Avg: 6.7, Max: 7.0, Diff: 1.1, Sum: 54.0]
      [GC Worker End (ms): Min: 1928.1, Avg: 1928.2, Max: 1928.3, Diff: 0.2]
   [Code Root Fixup: 0.1 ms]
   [Code Root Purge: 0.0 ms]
   [Clear CT: 0.2 ms]
   [Other: 4.4 ms]
      [Choose CSet: 0.0 ms]
      [Ref Proc: 3.9 ms]
      [Ref Enq: 0.1 ms]
      [Redirty Cards: 0.1 ms]
      [Humongous Register: 0.0 ms]
      [Humongous Reclaim: 0.0 ms]
      [Free CSet: 0.1 ms]
   [Eden: 66.0M(300.0M)->0.0B(292.0M) Survivors: 6144.0K->14.0M Heap: 73.2M(512.0M)->15.5M(512.0M)]
 [Times: user=0.04 sys=0.01, real=0.01 secs] 
2022-01-11T19:17:52.492-0800: 1.933: [GC concurrent-root-region-scan-start]
2022-01-11T19:17:52.497-0800: 1.938: [GC concurrent-root-region-scan-end, 0.0051380 secs]
2022-01-11T19:17:52.497-0800: 1.938: [GC concurrent-mark-start]
2022-01-11T19:17:52.497-0800: 1.939: [GC concurrent-mark-end, 0.0005947 secs]
2022-01-11T19:17:52.497-0800: 1.939: [GC remark 2022-01-11T19:17:52.498-0800: 1.939: [Finalize Marking, 0.0007418 secs] 2022-01-11T19:17:52.498-0800: 1.940: [GC ref-proc, 0.0000878 secs] 2022-01-11T19:17:52.498-0800: 1.940: [Unloading, 0.0019575 secs], 0.0031669 secs]
 [Times: user=0.01 sys=0.00, real=0.01 secs] 
2022-01-11T19:17:52.501-0800: 1.942: [GC cleanup 17M->17M(512M), 0.0007957 secs]
 [Times: user=0.01 sys=0.00, real=0.00 secs] 
2022-01-11T19:17:52.502-0800: 1.943: [GC concurrent-cleanup-start]
2022-01-11T19:17:52.502-0800: 1.943: [GC concurrent-cleanup-end, 0.0000174 secs]
2022-01-11T19:17:55.118-0800: 4.560: [GC pause (G1 Evacuation Pause) (young) (initial-mark), 0.0368034 secs]
   [Parallel Time: 23.9 ms, GC Workers: 8]
      [GC Worker Start (ms): Min: 4559.9, Avg: 4560.0, Max: 4560.0, Diff: 0.2]
      [Ext Root Scanning (ms): Min: 1.3, Avg: 1.7, Max: 2.2, Diff: 0.8, Sum: 13.3]
      [Update RS (ms): Min: 0.0, Avg: 0.4, Max: 2.2, Diff: 2.2, Sum: 2.9]
         [Processed Buffers: Min: 0, Avg: 0.6, Max: 2, Diff: 2, Sum: 5]
      [Scan RS (ms): Min: 0.0, Avg: 0.0, Max: 0.0, Diff: 0.0, Sum: 0.1]
      [Code Root Scanning (ms): Min: 0.0, Avg: 1.0, Max: 2.8, Diff: 2.8, Sum: 8.3]
      [Object Copy (ms): Min: 18.5, Avg: 19.9, Max: 21.2, Diff: 2.7, Sum: 159.1]
      [Termination (ms): Min: 0.0, Avg: 0.7, Max: 0.9, Diff: 0.9, Sum: 5.3]
         [Termination Attempts: Min: 1, Avg: 12.1, Max: 23, Diff: 22, Sum: 97]
      [GC Worker Other (ms): Min: 0.0, Avg: 0.0, Max: 0.0, Diff: 0.0, Sum: 0.1]
      [GC Worker Total (ms): Min: 23.4, Avg: 23.6, Max: 23.8, Diff: 0.4, Sum: 189.1]
      [GC Worker End (ms): Min: 4583.4, Avg: 4583.6, Max: 4583.7, Diff: 0.3]
   [Code Root Fixup: 0.2 ms]
   [Code Root Purge: 0.0 ms]
   [Clear CT: 0.2 ms]
   [Other: 12.4 ms]
      [Choose CSet: 0.0 ms]
      [Ref Proc: 11.0 ms]
      [Ref Enq: 0.1 ms]
      [Redirty Cards: 0.1 ms]
      [Humongous Register: 0.0 ms]
      [Humongous Reclaim: 0.0 ms]
      [Free CSet: 1.0 ms]
   [Eden: 292.0M(292.0M)->0.0B(270.0M) Survivors: 14.0M->36.0M Heap: 307.3M(512.0M)->37.0M(512.0M)]
 [Times: user=0.09 sys=0.02, real=0.04 secs] 
2022-01-11T19:17:55.155-0800: 4.597: [GC concurrent-root-region-scan-start]
2022-01-11T19:17:55.168-0800: 4.610: [GC concurrent-root-region-scan-end, 0.0130025 secs]
2022-01-11T19:17:55.168-0800: 4.610: [GC concurrent-mark-start]
2022-01-11T19:17:55.169-0800: 4.610: [GC concurrent-mark-end, 0.0001416 secs]
2022-01-11T19:17:55.169-0800: 4.610: [GC remark 2022-01-11T19:17:55.169-0800: 4.610: [Finalize Marking, 0.0009400 secs] 2022-01-11T19:17:55.170-0800: 4.611: [GC ref-proc, 0.0001618 secs] 2022-01-11T19:17:55.170-0800: 4.612: [Unloading, 0.0028892 secs], 0.0044676 secs]
 [Times: user=0.02 sys=0.00, real=0.01 secs] 
2022-01-11T19:17:55.173-0800: 4.615: [GC cleanup 39M->39M(512M), 0.0006256 secs]
 [Times: user=0.01 sys=0.00, real=0.00 secs] 
Heap
 garbage-first heap   total 524288K, used 189423K [0x00000005c0000000, 0x00000005c0200800, 0x00000007c0000000)
  region size 2048K, 93 young (190464K), 18 survivors (36864K)
 Metaspace       used 35233K, capacity 36838K, committed 36992K, reserved 1081344K
  class space    used 4849K, capacity 5147K, committed 5248K, reserved 1048576K
