Java HotSpot(TM) 64-Bit Server VM (25.211-b12) for bsd-amd64 JRE (1.8.0_211-b12), built on Apr  1 2019 20:53:18 by "java_re" with gcc 4.2.1 (Based on Apple Inc. build 5658) (LLVM build 2336.11.00)
Memory: 4k page, physical 33554432k(1391952k free)

/proc/meminfo:

CommandLine flags: -XX:-BytecodeVerificationLocal -XX:-BytecodeVerificationRemote -XX:InitialHeapSize=314572800 -XX:+ManagementServer -XX:MaxHeapSize=314572800 -XX:MetaspaceSize=104857600 -XX:+PrintGC -XX:+PrintGCDateStamps -XX:+PrintGCDetails -XX:+PrintGCTimeStamps -XX:TieredStopAtLevel=1 -XX:+UseCompressedClassPointers -XX:+UseCompressedOops -XX:+UseG1GC 
2022-01-11T20:48:54.101-0800: 4.769: [GC pause (G1 Evacuation Pause) (young), 0.0058103 secs]
   [Parallel Time: 3.7 ms, GC Workers: 8]
      [GC Worker Start (ms): Min: 4769.4, Avg: 4769.5, Max: 4769.6, Diff: 0.1]
      [Ext Root Scanning (ms): Min: 0.2, Avg: 0.3, Max: 1.2, Diff: 1.0, Sum: 2.7]
      [Update RS (ms): Min: 0.0, Avg: 0.0, Max: 0.0, Diff: 0.0, Sum: 0.0]
         [Processed Buffers: Min: 0, Avg: 0.0, Max: 0, Diff: 0, Sum: 0]
      [Scan RS (ms): Min: 0.0, Avg: 0.0, Max: 0.0, Diff: 0.0, Sum: 0.0]
      [Code Root Scanning (ms): Min: 0.0, Avg: 0.0, Max: 0.2, Diff: 0.2, Sum: 0.4]
      [Object Copy (ms): Min: 1.2, Avg: 2.3, Max: 3.0, Diff: 1.8, Sum: 18.4]
      [Termination (ms): Min: 0.0, Avg: 0.8, Max: 1.5, Diff: 1.4, Sum: 6.0]
         [Termination Attempts: Min: 1, Avg: 30.5, Max: 45, Diff: 44, Sum: 244]
      [GC Worker Other (ms): Min: 0.0, Avg: 0.0, Max: 0.0, Diff: 0.0, Sum: 0.1]
      [GC Worker Total (ms): Min: 3.3, Avg: 3.4, Max: 3.6, Diff: 0.3, Sum: 27.6]
      [GC Worker End (ms): Min: 4772.9, Avg: 4773.0, Max: 4773.0, Diff: 0.2]
   [Code Root Fixup: 0.0 ms]
   [Code Root Purge: 0.0 ms]
   [Clear CT: 0.2 ms]
   [Other: 2.0 ms]
      [Choose CSet: 0.0 ms]
      [Ref Proc: 1.7 ms]
      [Ref Enq: 0.0 ms]
      [Redirty Cards: 0.1 ms]
      [Humongous Register: 0.0 ms]
      [Humongous Reclaim: 0.0 ms]
      [Free CSet: 0.0 ms]
   [Eden: 24.0M(24.0M)->0.0B(34.0M) Survivors: 0.0B->3072.0K Heap: 24.0M(300.0M)->4033.5K(300.0M)]
 [Times: user=0.02 sys=0.00, real=0.00 secs] 
2022-01-11T20:48:54.348-0800: 5.017: [GC pause (G1 Evacuation Pause) (young), 0.0107552 secs]
   [Parallel Time: 7.4 ms, GC Workers: 8]
      [GC Worker Start (ms): Min: 5016.6, Avg: 5016.9, Max: 5017.9, Diff: 1.3]
      [Ext Root Scanning (ms): Min: 0.0, Avg: 0.6, Max: 2.4, Diff: 2.4, Sum: 4.9]
      [Update RS (ms): Min: 0.0, Avg: 0.0, Max: 0.3, Diff: 0.3, Sum: 0.4]
         [Processed Buffers: Min: 0, Avg: 0.2, Max: 1, Diff: 1, Sum: 2]
      [Scan RS (ms): Min: 0.0, Avg: 0.0, Max: 0.0, Diff: 0.0, Sum: 0.0]
      [Code Root Scanning (ms): Min: 0.0, Avg: 0.1, Max: 0.5, Diff: 0.5, Sum: 0.6]
      [Object Copy (ms): Min: 2.7, Avg: 4.4, Max: 5.6, Diff: 2.9, Sum: 35.0]
      [Termination (ms): Min: 0.0, Avg: 1.0, Max: 2.1, Diff: 2.1, Sum: 8.2]
         [Termination Attempts: Min: 1, Avg: 13.4, Max: 30, Diff: 29, Sum: 107]
      [GC Worker Other (ms): Min: 0.0, Avg: 0.0, Max: 0.0, Diff: 0.0, Sum: 0.1]
      [GC Worker Total (ms): Min: 5.1, Avg: 6.2, Max: 6.5, Diff: 1.3, Sum: 49.3]
      [GC Worker End (ms): Min: 5022.9, Avg: 5023.0, Max: 5023.8, Diff: 0.9]
   [Code Root Fixup: 0.0 ms]
   [Code Root Purge: 0.0 ms]
   [Clear CT: 0.1 ms]
   [Other: 3.2 ms]
      [Choose CSet: 0.0 ms]
      [Ref Proc: 2.9 ms]
      [Ref Enq: 0.0 ms]
      [Redirty Cards: 0.2 ms]
      [Humongous Register: 0.0 ms]
      [Humongous Reclaim: 0.0 ms]
      [Free CSet: 0.0 ms]
   [Eden: 34.0M(34.0M)->0.0B(175.0M) Survivors: 3072.0K->5120.0K Heap: 37.9M(300.0M)->7855.5K(300.0M)]
 [Times: user=0.03 sys=0.01, real=0.01 secs] 
2022-01-11T20:48:55.732-0800: 6.401: [GC pause (G1 Evacuation Pause) (young), 0.0191728 secs]
   [Parallel Time: 8.6 ms, GC Workers: 8]
      [GC Worker Start (ms): Min: 6400.8, Avg: 6400.8, Max: 6400.8, Diff: 0.1]
      [Ext Root Scanning (ms): Min: 0.1, Avg: 0.7, Max: 3.2, Diff: 3.1, Sum: 5.6]
      [Update RS (ms): Min: 0.0, Avg: 0.1, Max: 0.3, Diff: 0.3, Sum: 0.7]
         [Processed Buffers: Min: 0, Avg: 0.9, Max: 3, Diff: 3, Sum: 7]
      [Scan RS (ms): Min: 0.0, Avg: 0.0, Max: 0.0, Diff: 0.0, Sum: 0.1]
      [Code Root Scanning (ms): Min: 0.0, Avg: 0.5, Max: 1.2, Diff: 1.2, Sum: 4.1]
      [Object Copy (ms): Min: 5.3, Avg: 7.1, Max: 7.8, Diff: 2.6, Sum: 56.7]
      [Termination (ms): Min: 0.0, Avg: 0.1, Max: 0.1, Diff: 0.1, Sum: 0.5]
         [Termination Attempts: Min: 1, Avg: 99.9, Max: 135, Diff: 134, Sum: 799]
      [GC Worker Other (ms): Min: 0.0, Avg: 0.0, Max: 0.1, Diff: 0.0, Sum: 0.2]
      [GC Worker Total (ms): Min: 8.4, Avg: 8.5, Max: 8.5, Diff: 0.1, Sum: 67.9]
      [GC Worker End (ms): Min: 6409.3, Avg: 6409.3, Max: 6409.3, Diff: 0.0]
   [Code Root Fixup: 0.1 ms]
   [Code Root Purge: 0.0 ms]
   [Clear CT: 0.3 ms]
   [Other: 10.1 ms]
      [Choose CSet: 0.0 ms]
      [Ref Proc: 9.6 ms]
      [Ref Enq: 0.1 ms]
      [Redirty Cards: 0.1 ms]
      [Humongous Register: 0.0 ms]
      [Humongous Reclaim: 0.0 ms]
      [Free CSet: 0.2 ms]
   [Eden: 175.0M(175.0M)->0.0B(157.0M) Survivors: 5120.0K->23.0M Heap: 182.7M(300.0M)->27.4M(300.0M)]
 [Times: user=0.07 sys=0.01, real=0.02 secs] 
2022-01-11T20:49:02.123-0800: 12.792: [GC pause (G1 Evacuation Pause) (young), 0.0196393 secs]
   [Parallel Time: 14.0 ms, GC Workers: 8]
      [GC Worker Start (ms): Min: 12791.9, Avg: 12792.0, Max: 12792.1, Diff: 0.1]
      [Ext Root Scanning (ms): Min: 0.2, Avg: 1.2, Max: 3.8, Diff: 3.6, Sum: 9.3]
      [Update RS (ms): Min: 0.0, Avg: 0.1, Max: 0.3, Diff: 0.3, Sum: 1.1]
         [Processed Buffers: Min: 0, Avg: 0.8, Max: 2, Diff: 2, Sum: 6]
      [Scan RS (ms): Min: 0.0, Avg: 0.1, Max: 0.2, Diff: 0.2, Sum: 0.5]
      [Code Root Scanning (ms): Min: 0.0, Avg: 1.2, Max: 2.8, Diff: 2.8, Sum: 9.3]
      [Object Copy (ms): Min: 9.4, Avg: 10.6, Max: 12.0, Diff: 2.6, Sum: 85.2]
      [Termination (ms): Min: 0.1, Avg: 0.6, Max: 0.8, Diff: 0.7, Sum: 5.0]
         [Termination Attempts: Min: 1, Avg: 131.1, Max: 185, Diff: 184, Sum: 1049]
      [GC Worker Other (ms): Min: 0.0, Avg: 0.0, Max: 0.0, Diff: 0.0, Sum: 0.1]
      [GC Worker Total (ms): Min: 13.8, Avg: 13.8, Max: 13.9, Diff: 0.1, Sum: 110.5]
      [GC Worker End (ms): Min: 12805.8, Avg: 12805.8, Max: 12805.9, Diff: 0.1]
   [Code Root Fixup: 0.2 ms]
   [Code Root Purge: 0.0 ms]
   [Clear CT: 0.1 ms]
   [Other: 5.3 ms]
      [Choose CSet: 0.0 ms]
      [Ref Proc: 5.0 ms]
      [Ref Enq: 0.0 ms]
      [Redirty Cards: 0.1 ms]
      [Humongous Register: 0.0 ms]
      [Humongous Reclaim: 0.0 ms]
      [Free CSet: 0.1 ms]
   [Eden: 157.0M(157.0M)->0.0B(157.0M) Survivors: 23.0M->23.0M Heap: 184.4M(300.0M)->31.2M(300.0M)]
 [Times: user=0.10 sys=0.00, real=0.02 secs] 
2022-01-11T20:49:03.463-0800: 14.132: [GC pause (G1 Evacuation Pause) (young), 0.0206043 secs]
   [Parallel Time: 16.3 ms, GC Workers: 8]
      [GC Worker Start (ms): Min: 14131.8, Avg: 14131.9, Max: 14132.0, Diff: 0.1]
      [Ext Root Scanning (ms): Min: 0.4, Avg: 0.9, Max: 2.8, Diff: 2.4, Sum: 7.3]
      [Update RS (ms): Min: 0.0, Avg: 0.2, Max: 0.4, Diff: 0.4, Sum: 1.5]
         [Processed Buffers: Min: 0, Avg: 1.2, Max: 2, Diff: 2, Sum: 10]
      [Scan RS (ms): Min: 0.0, Avg: 0.0, Max: 0.0, Diff: 0.0, Sum: 0.1]
      [Code Root Scanning (ms): Min: 0.0, Avg: 0.8, Max: 1.8, Diff: 1.8, Sum: 6.2]
      [Object Copy (ms): Min: 13.4, Avg: 14.2, Max: 15.3, Diff: 1.8, Sum: 113.7]
      [Termination (ms): Min: 0.0, Avg: 0.1, Max: 0.2, Diff: 0.2, Sum: 0.7]
         [Termination Attempts: Min: 1, Avg: 102.1, Max: 182, Diff: 181, Sum: 817]
      [GC Worker Other (ms): Min: 0.0, Avg: 0.0, Max: 0.0, Diff: 0.0, Sum: 0.2]
      [GC Worker Total (ms): Min: 16.1, Avg: 16.2, Max: 16.3, Diff: 0.1, Sum: 129.6]
      [GC Worker End (ms): Min: 14148.1, Avg: 14148.1, Max: 14148.1, Diff: 0.0]
   [Code Root Fixup: 0.2 ms]
   [Code Root Purge: 0.0 ms]
   [Clear CT: 0.2 ms]
   [Other: 3.8 ms]
      [Choose CSet: 0.0 ms]
      [Ref Proc: 3.2 ms]
      [Ref Enq: 0.0 ms]
      [Redirty Cards: 0.1 ms]
      [Humongous Register: 0.0 ms]
      [Humongous Reclaim: 0.0 ms]
      [Free CSet: 0.3 ms]
   [Eden: 157.0M(157.0M)->0.0B(162.0M) Survivors: 23.0M->18.0M Heap: 188.2M(300.0M)->35.8M(300.0M)]
 [Times: user=0.10 sys=0.01, real=0.02 secs] 
Heap
 garbage-first heap   total 307200K, used 42817K [0x00000007ad400000, 0x00000007ad500960, 0x00000007c0000000)
  region size 1024K, 25 young (25600K), 18 survivors (18432K)
 Metaspace       used 35400K, capacity 36952K, committed 37248K, reserved 1081344K
  class space    used 4853K, capacity 5156K, committed 5248K, reserved 1048576K
