Java HotSpot(TM) 64-Bit Server VM (25.211-b12) for bsd-amd64 JRE (1.8.0_211-b12), built on Apr  1 2019 20:53:18 by "java_re" with gcc 4.2.1 (Based on Apple Inc. build 5658) (LLVM build 2336.11.00)
Memory: 4k page, physical 33554432k(1676620k free)

/proc/meminfo:

CommandLine flags: -XX:-BytecodeVerificationLocal -XX:-BytecodeVerificationRemote -XX:InitialHeapSize=536870912 -XX:+ManagementServer -XX:MaxHeapSize=8589934592 -XX:+PrintGC -XX:+PrintGCDateStamps -XX:+PrintGCDetails -XX:+PrintGCTimeStamps -XX:TieredStopAtLevel=1 -XX:+UseCompressedClassPointers -XX:+UseCompressedOops -XX:+UseParallelGC 
2022-01-11T19:08:46.032-0800: 1.593: [GC (Allocation Failure) [PSYoungGen: 131584K->13213K(153088K)] 131584K->13229K(502784K), 0.0149631 secs] [Times: user=0.03 sys=0.00, real=0.01 secs] 
2022-01-11T19:08:46.114-0800: 1.674: [GC (Metadata GC Threshold) [PSYoungGen: 27621K->5732K(153088K)] 27637K->5756K(502784K), 0.0068344 secs] [Times: user=0.03 sys=0.00, real=0.01 secs] 
2022-01-11T19:08:46.121-0800: 1.681: [Full GC (Metadata GC Threshold) [PSYoungGen: 5732K->0K(153088K)] [ParOldGen: 24K->5583K(167936K)] 5756K->5583K(321024K), [Metaspace: 20603K->20603K(1067008K)], 0.0241968 secs] [Times: user=0.08 sys=0.01, real=0.02 secs] 
2022-01-11T19:08:47.061-0800: 2.621: [GC (Allocation Failure) [PSYoungGen: 131584K->12344K(153088K)] 137167K->17936K(321024K), 0.0064436 secs] [Times: user=0.03 sys=0.00, real=0.00 secs] 
2022-01-11T19:08:48.485-0800: 4.045: [GC (Allocation Failure) [PSYoungGen: 143928K->17945K(237056K)] 149520K->23608K(404992K), 0.0140764 secs] [Times: user=0.04 sys=0.01, real=0.01 secs] 
2022-01-11T19:08:49.315-0800: 4.875: [GC (Metadata GC Threshold) [PSYoungGen: 174411K->21496K(242688K)] 180074K->28179K(410624K), 0.0172624 secs] [Times: user=0.05 sys=0.02, real=0.02 secs] 
2022-01-11T19:08:49.332-0800: 4.892: [Full GC (Metadata GC Threshold) [PSYoungGen: 21496K->0K(242688K)] [ParOldGen: 6682K->25984K(262656K)] 28179K->25984K(505344K), [Metaspace: 33869K->33869K(1079296K)], 0.0925447 secs] [Times: user=0.31 sys=0.02, real=0.09 secs] 
Heap
 PSYoungGen      total 242688K, used 59499K [0x0000000715580000, 0x000000072e780000, 0x00000007c0000000)
  eden space 221184K, 26% used [0x0000000715580000,0x0000000718f9aef0,0x0000000722d80000)
  from space 21504K, 0% used [0x0000000722d80000,0x0000000722d80000,0x0000000724280000)
  to   space 26112K, 0% used [0x000000072ce00000,0x000000072ce00000,0x000000072e780000)
 ParOldGen       total 262656K, used 25984K [0x00000005c0000000, 0x00000005d0080000, 0x0000000715580000)
  object space 262656K, 9% used [0x00000005c0000000,0x00000005c1960270,0x00000005d0080000)
 Metaspace       used 35271K, capacity 36842K, committed 36992K, reserved 1081344K
  class space    used 4848K, capacity 5147K, committed 5248K, reserved 1048576K
